TAP version 13
# Subtest: mensaje de recolección masiva usa campos reales requeridos por la vacante
ok 1 - mensaje de recolección masiva usa campos reales requeridos por la vacante
  ---
  duration_ms: 2.481823
  ...
# Subtest: mensaje de recolección masiva respeta campos configurados en la vacante
ok 2 - mensaje de recolección masiva respeta campos configurados en la vacante
  ---
  duration_ms: 0.346864
  ...
# Subtest: mensaje de recolección masiva no repite datos ya conocidos del candidato
ok 3 - mensaje de recolección masiva no repite datos ya conocidos del candidato
  ---
  duration_ms: 0.330133
  ...
# Subtest: rechaza saludos propuestos erróneamente como nombre y barrio
ok 4 - rechaza saludos propuestos erróneamente como nombre y barrio
  ---
  duration_ms: 1.120904
  ...
# Subtest: rechaza confirmación simple como nombre
ok 5 - rechaza confirmación simple como nombre
  ---
  duration_ms: 0.353507
  ...
# Subtest: rechaza frase de vacante como nombre
ok 6 - rechaza frase de vacante como nombre
  ---
  duration_ms: 0.558138
  ...
# Subtest: acepta nombre real con evidencia explícita de identidad
ok 7 - acepta nombre real con evidencia explícita de identidad
  ---
  duration_ms: 0.91949
  ...
# Subtest: acepta nombre solo cuando responde al campo pendiente de nombre
ok 8 - acepta nombre solo cuando responde al campo pendiente de nombre
  ---
  duration_ms: 0.467669
  ...
# Subtest: acepta barrio real con evidencia de residencia
ok 9 - acepta barrio real con evidencia de residencia
  ---
  duration_ms: 0.810166
  ...
# Subtest: rechaza cargo propuesto como barrio
ok 10 - rechaza cargo propuesto como barrio
  ---
  duration_ms: 0.375668
  ...
# Subtest: acepta género femenino explícito con evidencia lingüística
ok 11 - acepta género femenino explícito con evidencia lingüística
  ---
  duration_ms: 1.488266
  ...
# Subtest: acepta género femenino contextual y no convierte interés en nombre o barrio
ok 12 - acepta género femenino contextual y no convierte interés en nombre o barrio
  ---
  duration_ms: 0.581581
  ...
# Subtest: acepta género femenino por postulacion lingüística auto-referida
ok 13 - acepta género femenino por postulacion lingüística auto-referida
  ---
  duration_ms: 0.513274
  ...
# Subtest: rechaza género inferido solo por nombre y conserva nombre pendiente
ok 14 - rechaza género inferido solo por nombre y conserva nombre pendiente
  ---
  duration_ms: 0.674203
  ...
# Subtest: rechaza número de dirección como edad
ok 15 - rechaza número de dirección como edad
  ---
  duration_ms: 0.48429
  ...
# Subtest: rechaza número de experiencia como edad y conserva experienceTime
ok 16 - rechaza número de experiencia como edad y conserva experienceTime
  ---
  duration_ms: 0.387821
  ...
# Subtest: no marca mujer por tratamiento de cortesía: Sii Señora claro
ok 17 - no marca mujer por tratamiento de cortesía: Sii Señora claro
  ---
  duration_ms: 0.300659
  ...
# Subtest: no marca mujer por gracias señorita
ok 18 - no marca mujer por gracias señorita
  ---
  duration_ms: 0.319815
  ...
# Subtest: rechaza saludos y cortesías como valores de cualquier campo de texto
ok 19 - rechaza saludos y cortesías como valores de cualquier campo de texto
  ---
  duration_ms: 0.223486
  ...
# Subtest: acepta valores legítimos después de la validación semántica
ok 20 - acepta valores legítimos después de la validación semántica
  ---
  duration_ms: 2.155427
  ...
# Subtest: caracterización género: positivos FEMALE usan evidencia fuerte compartida
ok 21 - caracterización género: positivos FEMALE usan evidencia fuerte compartida
  ---
  duration_ms: 0.873504
  ...
# Subtest: caracterización género: positivos MALE usan evidencia fuerte compartida
ok 22 - caracterización género: positivos MALE usan evidencia fuerte compartida
  ---
  duration_ms: 0.837306
  ...
# Subtest: caracterización género: negativos y ambiguos no se aceptan como género del candidato
ok 23 - caracterización género: negativos y ambiguos no se aceptan como género del candidato
  ---
  duration_ms: 0.768138
  ...
# Subtest: caracterización género: no se infiere por nombre
ok 24 - caracterización género: no se infiere por nombre
  ---
  duration_ms: 0.544192
  ...
# Subtest: caracterización género: prompt, sanitizador y policy conservan la misma evidencia base
ok 25 - caracterización género: prompt, sanitizador y policy conservan la misma evidencia base
  ---
  duration_ms: 1.874936
  ...
1..25
# tests 25
# suites 0
# pass 25
# fail 0
# cancelled 0
# skipped 0
# todo 0
# duration_ms 142.484083
