TAP version 13
# Subtest: parser no convierte duración laboral ni cantidad de personal en edad
ok 1 - parser no convierte duración laboral ni cantidad de personal en edad
  ---
  duration_ms: 14.858472
  ...
# Subtest: parser separa edad explícita, experiencia y cantidad de personal
ok 2 - parser separa edad explícita, experiencia y cantidad de personal
  ---
  duration_ms: 5.595252
  ...
# Subtest: parser conserva corrección explícita de edad
ok 3 - parser conserva corrección explícita de edad
  ---
  duration_ms: 3.697995
  ...
# Subtest: parser conserva respuesta numérica corta
ok 4 - parser conserva respuesta numérica corta
  ---
  duration_ms: 0.894403
  ...
# Subtest: sanitizer rechaza 56 cuando el número está ligado a trabajadores
ok 5 - sanitizer rechaza 56 cuando el número está ligado a trabajadores
  ---
  duration_ms: 1.882228
  ...
# Subtest: sanitizer rechaza una duración laboral dentro del rango de edad
ok 6 - sanitizer rechaza una duración laboral dentro del rango de edad
  ---
  duration_ms: 0.85499
  ...
# Subtest: sanitizer acepta la edad explícita aunque el mensaje incluya experiencia
ok 7 - sanitizer acepta la edad explícita aunque el mensaje incluya experiencia
  ---
  duration_ms: 0.438685
  ...
# Subtest: sanitizer acepta respuesta corta cuando edad está pendiente
ok 8 - sanitizer acepta respuesta corta cuando edad está pendiente
  ---
  duration_ms: 0.319724
  ...
# Subtest: sanitizer no acepta un número suelto sin contexto de edad
ok 9 - sanitizer no acepta un número suelto sin contexto de edad
  ---
  duration_ms: 0.503386
  ...
1..9
# tests 9
# suites 0
# pass 9
# fail 0
# cancelled 0
# skipped 0
# todo 0
# duration_ms 101.995791
